--- simple_number ---
(program (expression_statement (number 1)))

--- unary ---
(program (expression_statement (unary ! (boolean true))))

--- arithmetic ---
(program (expression_statement (arithmetic - (arithmetic + (number 1) (number 2)) (arithmetic / (arithmetic * (number 3) (number 4)) (number 5)))))

--- relational ---
(program (expression_statement (relational == (relational < (number 1) (number 2)) (boolean true))))

--- logical ---
(program (expression_statement (logical || (logical && (boolean true) (boolean false)) (boolean false))))

